// Jest Snapshot v1, https://goo.gl/fbAQLP

exports[`renders DeleteAeroplane component correctly 1`] = `
<div>
  <div
    class="col-sm-6 col-lg-8"
  >
    <h3
      class="text-center"
    >
      Delete Aeroplane
    </h3>
    <small
      class="text-center d-block mb-5"
    >
      Click on delete button to delete aeroplane
    </small>
    <div>
      No aeroplanes yet
    </div>
  </div>
</div>
`;
