// Jest Snapshot v1, https://goo.gl/fbAQLP

exports[`renders NavBarMobile component correctly 1`] = `
<div>
  <nav
    class="navbar navbar-expand-lg navbar-light"
  >
    <div
      class="container w-100 d-flex justify-content-between align-items-center"
    >
      <button
        aria-controls="navbarNav"
        aria-expanded="false"
        aria-label="Toggle navigation"
        class="navbar-toggler pb-2"
        data-bs-target="#navbarNav"
        data-bs-toggle="collapse"
        type="button"
      >
        <span
          class="navbar-toggler-icon"
        />
      </button>
      <div
        class="sidebar-heading"
      >
        <a
          aria-current="page"
          class="list-group-item navbar-brand list-group-item-action  active"
          href="/"
        >
          <img
            alt="Logo"
            class="img-fluid"
            src="app-logo.png"
            style="width: 80px;"
          />
        </a>
      </div>
      <div
        class="collapse navbar-collapse"
        id="navbarNav"
      />
    </div>
  </nav>
</div>
`;
